[VMEM] WARNING: physical memory size is smaller than virtual memory size.
[REPL] LLC uses LRU
[REPL] LLC uses LRU
[REPL] cpu0_DTLB uses LRU
[REPL] cpu0_DTLB uses LRU
[REPL] cpu0_ITLB uses LRU
[REPL] cpu0_ITLB uses LRU
[REPL] cpu0_L1D uses LRU
[REPL] cpu0_L1D uses LRU
[REPL] cpu0_L1I uses LRU
[REPL] cpu0_L1I uses LRU
[REPL] cpu0_L2C uses LRU
[REPL] cpu0_L2C uses LRU
[REPL] cpu0_STLB uses LRU
[REPL] cpu0_STLB uses LRU
WARNING: option --simulation_instructions is deprecated. Use --simulation-instructions instead.

*** ChampSim Multicore Out-of-Order Simulator ***
Warmup Instructions: 50000000
Simulation Instructions: 3000000000
Number of CPUs: 1
Page size: 4096

[cpu0_STLB] Oracle CSV loaded rows=0, hot(vpn)=0, thresh=1000, weights(D,S,P)=1,1,1; per_set=2, global=256, bypass=true
Off-chip DRAM Size: 16 GiB Channels: 1 Width: 64-bit Data Rate: 3205 MT/s
Heartbeat CPU 0 instructions: 10000001 cycles: 4341713 heartbeat IPC: 2.303 cumulative IPC: 2.303 (Simulation time: 00 hr 00 min 33 sec)
Heartbeat CPU 0 instructions: 20000003 cycles: 7211446 heartbeat IPC: 3.485 cumulative IPC: 2.773 (Simulation time: 00 hr 01 min 06 sec)
Heartbeat CPU 0 instructions: 30000005 cycles: 10057532 heartbeat IPC: 3.514 cumulative IPC: 2.983 (Simulation time: 00 hr 01 min 38 sec)
Heartbeat CPU 0 instructions: 40000008 cycles: 13305487 heartbeat IPC: 3.079 cumulative IPC: 3.006 (Simulation time: 00 hr 02 min 12 sec)
Warmup finished CPU 0 instructions: 50000002 cycles: 16637276 cumulative IPC: 3.005 (Simulation time: 00 hr 02 min 46 sec)
Warmup complete CPU 0 instructions: 50000002 cycles: 16637276 cumulative IPC: 3.005 (Simulation time: 00 hr 02 min 46 sec)
Heartbeat CPU 0 instructions: 50000010 cycles: 16637278 heartbeat IPC: 3.001 cumulative IPC: 4 (Simulation time: 00 hr 02 min 46 sec)
Heartbeat CPU 0 instructions: 60000012 cycles: 84921060 heartbeat IPC: 0.1464 cumulative IPC: 0.1464 (Simulation time: 00 hr 07 min 24 sec)
Heartbeat CPU 0 instructions: 70000014 cycles: 149355724 heartbeat IPC: 0.1552 cumulative IPC: 0.1507 (Simulation time: 00 hr 11 min 49 sec)
Heartbeat CPU 0 instructions: 80000016 cycles: 211922322 heartbeat IPC: 0.1598 cumulative IPC: 0.1536 (Simulation time: 00 hr 16 min 08 sec)
Heartbeat CPU 0 instructions: 90000019 cycles: 273726261 heartbeat IPC: 0.1618 cumulative IPC: 0.1556 (Simulation time: 00 hr 20 min 24 sec)
Heartbeat CPU 0 instructions: 100000019 cycles: 331726857 heartbeat IPC: 0.1724 cumulative IPC: 0.1587 (Simulation time: 00 hr 24 min 26 sec)
Heartbeat CPU 0 instructions: 110000019 cycles: 389905085 heartbeat IPC: 0.1719 cumulative IPC: 0.1607 (Simulation time: 00 hr 28 min 30 sec)
Heartbeat CPU 0 instructions: 120000020 cycles: 447665583 heartbeat IPC: 0.1731 cumulative IPC: 0.1624 (Simulation time: 00 hr 32 min 32 sec)
Heartbeat CPU 0 instructions: 130000021 cycles: 503920724 heartbeat IPC: 0.1778 cumulative IPC: 0.1642 (Simulation time: 00 hr 36 min 30 sec)
Heartbeat CPU 0 instructions: 140000023 cycles: 561205716 heartbeat IPC: 0.1746 cumulative IPC: 0.1653 (Simulation time: 00 hr 40 min 32 sec)
Heartbeat CPU 0 instructions: 150000026 cycles: 617506298 heartbeat IPC: 0.1776 cumulative IPC: 0.1664 (Simulation time: 00 hr 44 min 31 sec)
Heartbeat CPU 0 instructions: 160000026 cycles: 671360491 heartbeat IPC: 0.1857 cumulative IPC: 0.168 (Simulation time: 00 hr 48 min 24 sec)
Heartbeat CPU 0 instructions: 170000027 cycles: 727664034 heartbeat IPC: 0.1776 cumulative IPC: 0.1688 (Simulation time: 00 hr 52 min 33 sec)
Heartbeat CPU 0 instructions: 180000028 cycles: 781120079 heartbeat IPC: 0.1871 cumulative IPC: 0.17 (Simulation time: 00 hr 56 min 31 sec)
Heartbeat CPU 0 instructions: 190000031 cycles: 832909474 heartbeat IPC: 0.1931 cumulative IPC: 0.1715 (Simulation time: 01 hr 00 min 23 sec)
Heartbeat CPU 0 instructions: 200000032 cycles: 885997588 heartbeat IPC: 0.1884 cumulative IPC: 0.1725 (Simulation time: 01 hr 04 min 21 sec)
Heartbeat CPU 0 instructions: 210000034 cycles: 938644812 heartbeat IPC: 0.1899 cumulative IPC: 0.1735 (Simulation time: 01 hr 08 min 19 sec)
Heartbeat CPU 0 instructions: 220000036 cycles: 990649546 heartbeat IPC: 0.1923 cumulative IPC: 0.1745 (Simulation time: 01 hr 12 min 14 sec)
Heartbeat CPU 0 instructions: 230000036 cycles: 1042700486 heartbeat IPC: 0.1921 cumulative IPC: 0.1754 (Simulation time: 01 hr 16 min 10 sec)
[VMEM] WARNING: Out of physical memory, freeing ppages
Heartbeat CPU 0 instructions: 240000040 cycles: 1094149928 heartbeat IPC: 0.1944 cumulative IPC: 0.1763 (Simulation time: 01 hr 20 min 05 sec)
Heartbeat CPU 0 instructions: 250000040 cycles: 1146249895 heartbeat IPC: 0.1919 cumulative IPC: 0.1771 (Simulation time: 01 hr 24 min 03 sec)
Heartbeat CPU 0 instructions: 260000042 cycles: 1197726813 heartbeat IPC: 0.1943 cumulative IPC: 0.1778 (Simulation time: 01 hr 27 min 57 sec)
Heartbeat CPU 0 instructions: 270000042 cycles: 1251886671 heartbeat IPC: 0.1846 cumulative IPC: 0.1781 (Simulation time: 01 hr 32 min 04 sec)
Heartbeat CPU 0 instructions: 280000042 cycles: 1306694106 heartbeat IPC: 0.1825 cumulative IPC: 0.1783 (Simulation time: 01 hr 36 min 12 sec)
Heartbeat CPU 0 instructions: 290000043 cycles: 1362399618 heartbeat IPC: 0.1795 cumulative IPC: 0.1783 (Simulation time: 01 hr 40 min 23 sec)
Heartbeat CPU 0 instructions: 300000045 cycles: 1416656534 heartbeat IPC: 0.1843 cumulative IPC: 0.1786 (Simulation time: 01 hr 44 min 29 sec)
Heartbeat CPU 0 instructions: 310000045 cycles: 1472410502 heartbeat IPC: 0.1794 cumulative IPC: 0.1786 (Simulation time: 01 hr 48 min 42 sec)
Heartbeat CPU 0 instructions: 320000045 cycles: 1528204670 heartbeat IPC: 0.1792 cumulative IPC: 0.1786 (Simulation time: 01 hr 52 min 55 sec)
Heartbeat CPU 0 instructions: 330000047 cycles: 1582239856 heartbeat IPC: 0.1851 cumulative IPC: 0.1788 (Simulation time: 01 hr 57 min 01 sec)
Heartbeat CPU 0 instructions: 340000049 cycles: 1636794023 heartbeat IPC: 0.1833 cumulative IPC: 0.179 (Simulation time: 02 hr 01 min 10 sec)
Heartbeat CPU 0 instructions: 350000049 cycles: 1691726385 heartbeat IPC: 0.182 cumulative IPC: 0.1791 (Simulation time: 02 hr 05 min 21 sec)
Heartbeat CPU 0 instructions: 360000049 cycles: 1745586963 heartbeat IPC: 0.1857 cumulative IPC: 0.1793 (Simulation time: 02 hr 09 min 27 sec)
Heartbeat CPU 0 instructions: 370000051 cycles: 1800075638 heartbeat IPC: 0.1835 cumulative IPC: 0.1794 (Simulation time: 02 hr 13 min 37 sec)
Heartbeat CPU 0 instructions: 380000052 cycles: 1854309462 heartbeat IPC: 0.1844 cumulative IPC: 0.1796 (Simulation time: 02 hr 17 min 44 sec)
Heartbeat CPU 0 instructions: 390000052 cycles: 1909320927 heartbeat IPC: 0.1818 cumulative IPC: 0.1796 (Simulation time: 02 hr 21 min 57 sec)
[VMEM] WARNING: Out of physical memory, freeing ppages
Heartbeat CPU 0 instructions: 400000055 cycles: 1962922639 heartbeat IPC: 0.1866 cumulative IPC: 0.1798 (Simulation time: 02 hr 26 min 06 sec)
Heartbeat CPU 0 instructions: 410000056 cycles: 2017558983 heartbeat IPC: 0.183 cumulative IPC: 0.1799 (Simulation time: 02 hr 30 min 19 sec)
Heartbeat CPU 0 instructions: 420000057 cycles: 2070559591 heartbeat IPC: 0.1887 cumulative IPC: 0.1801 (Simulation time: 02 hr 34 min 25 sec)
Heartbeat CPU 0 instructions: 430000060 cycles: 2125149233 heartbeat IPC: 0.1832 cumulative IPC: 0.1802 (Simulation time: 02 hr 38 min 38 sec)
Heartbeat CPU 0 instructions: 440000064 cycles: 2180045397 heartbeat IPC: 0.1822 cumulative IPC: 0.1803 (Simulation time: 02 hr 42 min 53 sec)
Heartbeat CPU 0 instructions: 450000064 cycles: 2233980944 heartbeat IPC: 0.1854 cumulative IPC: 0.1804 (Simulation time: 02 hr 47 min 04 sec)
Heartbeat CPU 0 instructions: 460000066 cycles: 2288811807 heartbeat IPC: 0.1824 cumulative IPC: 0.1804 (Simulation time: 02 hr 51 min 18 sec)
Heartbeat CPU 0 instructions: 470000067 cycles: 2342212650 heartbeat IPC: 0.1873 cumulative IPC: 0.1806 (Simulation time: 02 hr 55 min 27 sec)
Heartbeat CPU 0 instructions: 480000070 cycles: 2396938722 heartbeat IPC: 0.1827 cumulative IPC: 0.1806 (Simulation time: 02 hr 59 min 41 sec)
Heartbeat CPU 0 instructions: 490000073 cycles: 2452000675 heartbeat IPC: 0.1816 cumulative IPC: 0.1807 (Simulation time: 03 hr 03 min 58 sec)
Heartbeat CPU 0 instructions: 500000077 cycles: 2506538527 heartbeat IPC: 0.1834 cumulative IPC: 0.1807 (Simulation time: 03 hr 08 min 14 sec)
Heartbeat CPU 0 instructions: 510000079 cycles: 2561788063 heartbeat IPC: 0.181 cumulative IPC: 0.1807 (Simulation time: 03 hr 12 min 34 sec)
Heartbeat CPU 0 instructions: 520000083 cycles: 2616851049 heartbeat IPC: 0.1816 cumulative IPC: 0.1808 (Simulation time: 03 hr 16 min 50 sec)
[VMEM] WARNING: Out of physical memory, freeing ppages
Heartbeat CPU 0 instructions: 530000085 cycles: 2670691066 heartbeat IPC: 0.1857 cumulative IPC: 0.1809 (Simulation time: 03 hr 21 min 02 sec)
Heartbeat CPU 0 instructions: 540000086 cycles: 2725977693 heartbeat IPC: 0.1809 cumulative IPC: 0.1809 (Simulation time: 03 hr 25 min 22 sec)
Heartbeat CPU 0 instructions: 550000086 cycles: 2781013951 heartbeat IPC: 0.1817 cumulative IPC: 0.1809 (Simulation time: 03 hr 29 min 41 sec)
Heartbeat CPU 0 instructions: 560000086 cycles: 2834964021 heartbeat IPC: 0.1854 cumulative IPC: 0.181 (Simulation time: 03 hr 33 min 56 sec)
Heartbeat CPU 0 instructions: 570000087 cycles: 2890167100 heartbeat IPC: 0.1811 cumulative IPC: 0.181 (Simulation time: 03 hr 38 min 15 sec)
Heartbeat CPU 0 instructions: 580000089 cycles: 2946520449 heartbeat IPC: 0.1775 cumulative IPC: 0.1809 (Simulation time: 03 hr 42 min 38 sec)
Heartbeat CPU 0 instructions: 590000089 cycles: 3000850315 heartbeat IPC: 0.1841 cumulative IPC: 0.181 (Simulation time: 03 hr 46 min 55 sec)
Heartbeat CPU 0 instructions: 600000090 cycles: 3055238561 heartbeat IPC: 0.1839 cumulative IPC: 0.181 (Simulation time: 03 hr 51 min 12 sec)
Heartbeat CPU 0 instructions: 610000094 cycles: 3110929668 heartbeat IPC: 0.1796 cumulative IPC: 0.181 (Simulation time: 03 hr 55 min 34 sec)
Heartbeat CPU 0 instructions: 620000098 cycles: 3166173262 heartbeat IPC: 0.181 cumulative IPC: 0.181 (Simulation time: 03 hr 59 min 55 sec)
Heartbeat CPU 0 instructions: 630000101 cycles: 3222598664 heartbeat IPC: 0.1772 cumulative IPC: 0.1809 (Simulation time: 04 hr 04 min 22 sec)
Heartbeat CPU 0 instructions: 640000103 cycles: 3278501769 heartbeat IPC: 0.1789 cumulative IPC: 0.1809 (Simulation time: 04 hr 08 min 47 sec)
Heartbeat CPU 0 instructions: 650000105 cycles: 3334414866 heartbeat IPC: 0.1788 cumulative IPC: 0.1808 (Simulation time: 04 hr 13 min 11 sec)
[VMEM] WARNING: Out of physical memory, freeing ppages
Heartbeat CPU 0 instructions: 660000105 cycles: 3389370447 heartbeat IPC: 0.182 cumulative IPC: 0.1809 (Simulation time: 04 hr 17 min 32 sec)
Heartbeat CPU 0 instructions: 670000105 cycles: 3444776044 heartbeat IPC: 0.1805 cumulative IPC: 0.1809 (Simulation time: 04 hr 21 min 57 sec)
Heartbeat CPU 0 instructions: 680000108 cycles: 3499720936 heartbeat IPC: 0.182 cumulative IPC: 0.1809 (Simulation time: 04 hr 26 min 18 sec)
Heartbeat CPU 0 instructions: 690000108 cycles: 3554537734 heartbeat IPC: 0.1824 cumulative IPC: 0.1809 (Simulation time: 04 hr 30 min 38 sec)
Heartbeat CPU 0 instructions: 700000109 cycles: 3610950284 heartbeat IPC: 0.1773 cumulative IPC: 0.1808 (Simulation time: 04 hr 35 min 05 sec)
Heartbeat CPU 0 instructions: 710000112 cycles: 3666768828 heartbeat IPC: 0.1792 cumulative IPC: 0.1808 (Simulation time: 04 hr 39 min 31 sec)
Heartbeat CPU 0 instructions: 720000114 cycles: 3721798331 heartbeat IPC: 0.1817 cumulative IPC: 0.1808 (Simulation time: 04 hr 43 min 52 sec)
Heartbeat CPU 0 instructions: 730000114 cycles: 3778241541 heartbeat IPC: 0.1772 cumulative IPC: 0.1808 (Simulation time: 04 hr 48 min 20 sec)
Heartbeat CPU 0 instructions: 740000115 cycles: 3835395744 heartbeat IPC: 0.175 cumulative IPC: 0.1807 (Simulation time: 04 hr 52 min 51 sec)
Heartbeat CPU 0 instructions: 750000116 cycles: 3891875828 heartbeat IPC: 0.1771 cumulative IPC: 0.1806 (Simulation time: 04 hr 57 min 19 sec)
Heartbeat CPU 0 instructions: 760000120 cycles: 3947894859 heartbeat IPC: 0.1785 cumulative IPC: 0.1806 (Simulation time: 05 hr 01 min 45 sec)
[VMEM] WARNING: Out of physical memory, freeing ppages
Heartbeat CPU 0 instructions: 770000124 cycles: 4003817625 heartbeat IPC: 0.1788 cumulative IPC: 0.1806 (Simulation time: 05 hr 06 min 12 sec)
Heartbeat CPU 0 instructions: 780000127 cycles: 4060676970 heartbeat IPC: 0.1759 cumulative IPC: 0.1805 (Simulation time: 05 hr 10 min 42 sec)
Heartbeat CPU 0 instructions: 790000128 cycles: 4118031918 heartbeat IPC: 0.1744 cumulative IPC: 0.1804 (Simulation time: 05 hr 15 min 15 sec)
Heartbeat CPU 0 instructions: 800000132 cycles: 4174472526 heartbeat IPC: 0.1772 cumulative IPC: 0.1804 (Simulation time: 05 hr 19 min 45 sec)
Heartbeat CPU 0 instructions: 810000133 cycles: 4232087233 heartbeat IPC: 0.1736 cumulative IPC: 0.1803 (Simulation time: 05 hr 24 min 18 sec)
Heartbeat CPU 0 instructions: 820000135 cycles: 4289261660 heartbeat IPC: 0.1749 cumulative IPC: 0.1802 (Simulation time: 05 hr 28 min 50 sec)
Heartbeat CPU 0 instructions: 830000136 cycles: 4346690236 heartbeat IPC: 0.1741 cumulative IPC: 0.1801 (Simulation time: 05 hr 33 min 23 sec)
Heartbeat CPU 0 instructions: 840000140 cycles: 4405122601 heartbeat IPC: 0.1711 cumulative IPC: 0.18 (Simulation time: 05 hr 38 min 01 sec)
Heartbeat CPU 0 instructions: 850000140 cycles: 4462825176 heartbeat IPC: 0.1733 cumulative IPC: 0.1799 (Simulation time: 05 hr 42 min 36 sec)
Heartbeat CPU 0 instructions: 860000142 cycles: 4521735537 heartbeat IPC: 0.1697 cumulative IPC: 0.1798 (Simulation time: 05 hr 47 min 18 sec)
Heartbeat CPU 0 instructions: 870000143 cycles: 4579022467 heartbeat IPC: 0.1746 cumulative IPC: 0.1797 (Simulation time: 05 hr 51 min 51 sec)
Heartbeat CPU 0 instructions: 880000146 cycles: 4635952947 heartbeat IPC: 0.1757 cumulative IPC: 0.1797 (Simulation time: 05 hr 56 min 22 sec)
[VMEM] WARNING: Out of physical memory, freeing ppages
Heartbeat CPU 0 instructions: 890000147 cycles: 4694127890 heartbeat IPC: 0.1719 cumulative IPC: 0.1796 (Simulation time: 06 hr 01 min 00 sec)
Heartbeat CPU 0 instructions: 900000147 cycles: 4753097054 heartbeat IPC: 0.1696 cumulative IPC: 0.1795 (Simulation time: 06 hr 05 min 42 sec)
Heartbeat CPU 0 instructions: 910000148 cycles: 4811663959 heartbeat IPC: 0.1707 cumulative IPC: 0.1794 (Simulation time: 06 hr 10 min 22 sec)
Heartbeat CPU 0 instructions: 920000149 cycles: 4869953611 heartbeat IPC: 0.1716 cumulative IPC: 0.1793 (Simulation time: 06 hr 15 min 00 sec)
Heartbeat CPU 0 instructions: 930000149 cycles: 4929624991 heartbeat IPC: 0.1676 cumulative IPC: 0.1791 (Simulation time: 06 hr 19 min 45 sec)
Heartbeat CPU 0 instructions: 940000149 cycles: 4988517562 heartbeat IPC: 0.1698 cumulative IPC: 0.179 (Simulation time: 06 hr 24 min 26 sec)
Heartbeat CPU 0 instructions: 950000151 cycles: 5047724564 heartbeat IPC: 0.1689 cumulative IPC: 0.1789 (Simulation time: 06 hr 29 min 09 sec)
Heartbeat CPU 0 instructions: 960000154 cycles: 5107721016 heartbeat IPC: 0.1667 cumulative IPC: 0.1787 (Simulation time: 06 hr 33 min 54 sec)
Heartbeat CPU 0 instructions: 970000155 cycles: 5168481852 heartbeat IPC: 0.1646 cumulative IPC: 0.1786 (Simulation time: 06 hr 38 min 44 sec)
Heartbeat CPU 0 instructions: 980000159 cycles: 5228005674 heartbeat IPC: 0.168 cumulative IPC: 0.1785 (Simulation time: 06 hr 43 min 27 sec)
Heartbeat CPU 0 instructions: 990000159 cycles: 5288518589 heartbeat IPC: 0.1653 cumulative IPC: 0.1783 (Simulation time: 06 hr 48 min 14 sec)
[VMEM] WARNING: Out of physical memory, freeing ppages
Heartbeat CPU 0 instructions: 1000000159 cycles: 5348460705 heartbeat IPC: 0.1668 cumulative IPC: 0.1782 (Simulation time: 06 hr 53 min 01 sec)
Heartbeat CPU 0 instructions: 1010000159 cycles: 5407734602 heartbeat IPC: 0.1687 cumulative IPC: 0.1781 (Simulation time: 06 hr 57 min 45 sec)
Heartbeat CPU 0 instructions: 1020000160 cycles: 5468135191 heartbeat IPC: 0.1656 cumulative IPC: 0.1779 (Simulation time: 07 hr 02 min 34 sec)
Heartbeat CPU 0 instructions: 1030000160 cycles: 5529026799 heartbeat IPC: 0.1642 cumulative IPC: 0.1778 (Simulation time: 07 hr 07 min 23 sec)
Heartbeat CPU 0 instructions: 1040000160 cycles: 5590804179 heartbeat IPC: 0.1619 cumulative IPC: 0.1776 (Simulation time: 07 hr 12 min 18 sec)
Heartbeat CPU 0 instructions: 1050000160 cycles: 5651431736 heartbeat IPC: 0.1649 cumulative IPC: 0.1775 (Simulation time: 07 hr 17 min 06 sec)
Heartbeat CPU 0 instructions: 1060000164 cycles: 5713211388 heartbeat IPC: 0.1619 cumulative IPC: 0.1773 (Simulation time: 07 hr 22 min 01 sec)
Heartbeat CPU 0 instructions: 1070000166 cycles: 5774079299 heartbeat IPC: 0.1643 cumulative IPC: 0.1772 (Simulation time: 07 hr 26 min 50 sec)
Heartbeat CPU 0 instructions: 1080000169 cycles: 5836224680 heartbeat IPC: 0.1609 cumulative IPC: 0.177 (Simulation time: 07 hr 31 min 47 sec)
Heartbeat CPU 0 instructions: 1090000173 cycles: 5897573685 heartbeat IPC: 0.163 cumulative IPC: 0.1768 (Simulation time: 07 hr 36 min 39 sec)
Heartbeat CPU 0 instructions: 1100000173 cycles: 5959687241 heartbeat IPC: 0.161 cumulative IPC: 0.1767 (Simulation time: 07 hr 41 min 33 sec)
[VMEM] WARNING: Out of physical memory, freeing ppages
Heartbeat CPU 0 instructions: 1110000173 cycles: 6022017989 heartbeat IPC: 0.1604 cumulative IPC: 0.1765 (Simulation time: 07 hr 46 min 31 sec)
Heartbeat CPU 0 instructions: 1120000173 cycles: 6083417460 heartbeat IPC: 0.1629 cumulative IPC: 0.1764 (Simulation time: 07 hr 51 min 25 sec)
Heartbeat CPU 0 instructions: 1130000177 cycles: 6147324676 heartbeat IPC: 0.1565 cumulative IPC: 0.1762 (Simulation time: 07 hr 56 min 28 sec)
Heartbeat CPU 0 instructions: 1140000178 cycles: 6209658012 heartbeat IPC: 0.1604 cumulative IPC: 0.176 (Simulation time: 08 hr 01 min 24 sec)
Heartbeat CPU 0 instructions: 1150000181 cycles: 6272849385 heartbeat IPC: 0.1582 cumulative IPC: 0.1758 (Simulation time: 08 hr 06 min 24 sec)
Heartbeat CPU 0 instructions: 1160000182 cycles: 6335349661 heartbeat IPC: 0.16 cumulative IPC: 0.1757 (Simulation time: 08 hr 11 min 22 sec)
Heartbeat CPU 0 instructions: 1170000184 cycles: 6397982878 heartbeat IPC: 0.1597 cumulative IPC: 0.1755 (Simulation time: 08 hr 16 min 19 sec)
Heartbeat CPU 0 instructions: 1180000184 cycles: 6461800076 heartbeat IPC: 0.1567 cumulative IPC: 0.1753 (Simulation time: 08 hr 21 min 24 sec)
Heartbeat CPU 0 instructions: 1190000188 cycles: 6524308937 heartbeat IPC: 0.16 cumulative IPC: 0.1752 (Simulation time: 08 hr 26 min 22 sec)
Heartbeat CPU 0 instructions: 1200000189 cycles: 6588311549 heartbeat IPC: 0.1562 cumulative IPC: 0.175 (Simulation time: 08 hr 31 min 28 sec)
[VMEM] WARNING: Out of physical memory, freeing ppages
Heartbeat CPU 0 instructions: 1210000191 cycles: 6653058869 heartbeat IPC: 0.1544 cumulative IPC: 0.1748 (Simulation time: 08 hr 36 min 37 sec)
Heartbeat CPU 0 instructions: 1220000195 cycles: 6718209501 heartbeat IPC: 0.1535 cumulative IPC: 0.1746 (Simulation time: 08 hr 41 min 46 sec)
Heartbeat CPU 0 instructions: 1230000198 cycles: 6782383903 heartbeat IPC: 0.1558 cumulative IPC: 0.1744 (Simulation time: 08 hr 46 min 52 sec)
Heartbeat CPU 0 instructions: 1240000198 cycles: 6846922576 heartbeat IPC: 0.1549 cumulative IPC: 0.1742 (Simulation time: 08 hr 51 min 59 sec)
Heartbeat CPU 0 instructions: 1250000201 cycles: 6911540364 heartbeat IPC: 0.1548 cumulative IPC: 0.174 (Simulation time: 08 hr 57 min 07 sec)
Heartbeat CPU 0 instructions: 1260000201 cycles: 6976777464 heartbeat IPC: 0.1533 cumulative IPC: 0.1738 (Simulation time: 09 hr 02 min 16 sec)
Heartbeat CPU 0 instructions: 1270000203 cycles: 7041397954 heartbeat IPC: 0.1547 cumulative IPC: 0.1737 (Simulation time: 09 hr 07 min 22 sec)
Heartbeat CPU 0 instructions: 1280000207 cycles: 7106702888 heartbeat IPC: 0.1531 cumulative IPC: 0.1735 (Simulation time: 09 hr 12 min 33 sec)
Heartbeat CPU 0 instructions: 1290000207 cycles: 7172583074 heartbeat IPC: 0.1518 cumulative IPC: 0.1733 (Simulation time: 09 hr 17 min 46 sec)
Heartbeat CPU 0 instructions: 1300000211 cycles: 7238389026 heartbeat IPC: 0.152 cumulative IPC: 0.1731 (Simulation time: 09 hr 22 min 59 sec)
Heartbeat CPU 0 instructions: 1310000212 cycles: 7305370849 heartbeat IPC: 0.1493 cumulative IPC: 0.1729 (Simulation time: 09 hr 28 min 17 sec)
[VMEM] WARNING: Out of physical memory, freeing ppages
Heartbeat CPU 0 instructions: 1320000212 cycles: 7371680515 heartbeat IPC: 0.1508 cumulative IPC: 0.1727 (Simulation time: 09 hr 33 min 32 sec)
Heartbeat CPU 0 instructions: 1330000215 cycles: 7437978774 heartbeat IPC: 0.1508 cumulative IPC: 0.1725 (Simulation time: 09 hr 38 min 48 sec)
Heartbeat CPU 0 instructions: 1340000216 cycles: 7504620716 heartbeat IPC: 0.1501 cumulative IPC: 0.1723 (Simulation time: 09 hr 44 min 06 sec)
Heartbeat CPU 0 instructions: 1350000220 cycles: 7572043483 heartbeat IPC: 0.1483 cumulative IPC: 0.1721 (Simulation time: 09 hr 49 min 26 sec)
Heartbeat CPU 0 instructions: 1360000224 cycles: 7639654207 heartbeat IPC: 0.1479 cumulative IPC: 0.1718 (Simulation time: 09 hr 54 min 48 sec)
Heartbeat CPU 0 instructions: 1370000224 cycles: 7706949372 heartbeat IPC: 0.1486 cumulative IPC: 0.1716 (Simulation time: 10 hr 00 min 07 sec)
Heartbeat CPU 0 instructions: 1380000224 cycles: 7774302434 heartbeat IPC: 0.1485 cumulative IPC: 0.1714 (Simulation time: 10 hr 05 min 27 sec)
Heartbeat CPU 0 instructions: 1390000226 cycles: 7842344428 heartbeat IPC: 0.147 cumulative IPC: 0.1712 (Simulation time: 10 hr 10 min 50 sec)
Heartbeat CPU 0 instructions: 1400000226 cycles: 7910693775 heartbeat IPC: 0.1463 cumulative IPC: 0.171 (Simulation time: 10 hr 16 min 15 sec)
Heartbeat CPU 0 instructions: 1410000227 cycles: 7978767173 heartbeat IPC: 0.1469 cumulative IPC: 0.1708 (Simulation time: 10 hr 21 min 39 sec)
Heartbeat CPU 0 instructions: 1420000227 cycles: 8047086271 heartbeat IPC: 0.1464 cumulative IPC: 0.1706 (Simulation time: 10 hr 27 min 03 sec)
[VMEM] WARNING: Out of physical memory, freeing ppages
Heartbeat CPU 0 instructions: 1430000228 cycles: 8116420931 heartbeat IPC: 0.1442 cumulative IPC: 0.1704 (Simulation time: 10 hr 32 min 33 sec)
Heartbeat CPU 0 instructions: 1440000228 cycles: 8184999504 heartbeat IPC: 0.1458 cumulative IPC: 0.1702 (Simulation time: 10 hr 38 min 00 sec)
Heartbeat CPU 0 instructions: 1450000229 cycles: 8254457158 heartbeat IPC: 0.144 cumulative IPC: 0.1699 (Simulation time: 10 hr 43 min 31 sec)
Heartbeat CPU 0 instructions: 1460000230 cycles: 8324866457 heartbeat IPC: 0.142 cumulative IPC: 0.1697 (Simulation time: 10 hr 49 min 05 sec)
Heartbeat CPU 0 instructions: 1470000234 cycles: 8396465168 heartbeat IPC: 0.1397 cumulative IPC: 0.1695 (Simulation time: 10 hr 54 min 46 sec)
Heartbeat CPU 0 instructions: 1480000235 cycles: 8467490887 heartbeat IPC: 0.1408 cumulative IPC: 0.1692 (Simulation time: 11 hr 00 min 21 sec)
Heartbeat CPU 0 instructions: 1490000236 cycles: 8538412767 heartbeat IPC: 0.141 cumulative IPC: 0.169 (Simulation time: 11 hr 05 min 56 sec)
Heartbeat CPU 0 instructions: 1500000239 cycles: 8609235018 heartbeat IPC: 0.1412 cumulative IPC: 0.1687 (Simulation time: 11 hr 11 min 33 sec)
Heartbeat CPU 0 instructions: 1510000242 cycles: 8680943698 heartbeat IPC: 0.1395 cumulative IPC: 0.1685 (Simulation time: 11 hr 17 min 15 sec)
Heartbeat CPU 0 instructions: 1520000242 cycles: 8752487389 heartbeat IPC: 0.1398 cumulative IPC: 0.1683 (Simulation time: 11 hr 22 min 54 sec)
Heartbeat CPU 0 instructions: 1530000242 cycles: 8824040186 heartbeat IPC: 0.1398 cumulative IPC: 0.168 (Simulation time: 11 hr 28 min 36 sec)
[VMEM] WARNING: Out of physical memory, freeing ppages
Heartbeat CPU 0 instructions: 1540000245 cycles: 8895878419 heartbeat IPC: 0.1392 cumulative IPC: 0.1678 (Simulation time: 11 hr 34 min 20 sec)
Heartbeat CPU 0 instructions: 1550000247 cycles: 8967766958 heartbeat IPC: 0.1391 cumulative IPC: 0.1676 (Simulation time: 11 hr 40 min 04 sec)
Heartbeat CPU 0 instructions: 1560000249 cycles: 9039983859 heartbeat IPC: 0.1385 cumulative IPC: 0.1673 (Simulation time: 11 hr 45 min 50 sec)
Heartbeat CPU 0 instructions: 1570000252 cycles: 9112522791 heartbeat IPC: 0.1379 cumulative IPC: 0.1671 (Simulation time: 11 hr 51 min 36 sec)
Heartbeat CPU 0 instructions: 1580000253 cycles: 9185991396 heartbeat IPC: 0.1361 cumulative IPC: 0.1669 (Simulation time: 11 hr 57 min 28 sec)
Heartbeat CPU 0 instructions: 1590000253 cycles: 9259137475 heartbeat IPC: 0.1367 cumulative IPC: 0.1666 (Simulation time: 12 hr 03 min 19 sec)
Heartbeat CPU 0 instructions: 1600000254 cycles: 9332739374 heartbeat IPC: 0.1359 cumulative IPC: 0.1664 (Simulation time: 12 hr 09 min 10 sec)
Heartbeat CPU 0 instructions: 1610000255 cycles: 9406498577 heartbeat IPC: 0.1356 cumulative IPC: 0.1661 (Simulation time: 12 hr 15 min 04 sec)
Heartbeat CPU 0 instructions: 1620000257 cycles: 9480324116 heartbeat IPC: 0.1355 cumulative IPC: 0.1659 (Simulation time: 12 hr 20 min 58 sec)
Heartbeat CPU 0 instructions: 1630000258 cycles: 9554649289 heartbeat IPC: 0.1345 cumulative IPC: 0.1657 (Simulation time: 12 hr 26 min 54 sec)
[VMEM] WARNING: Out of physical memory, freeing ppages
Heartbeat CPU 0 instructions: 1640000259 cycles: 9629211311 heartbeat IPC: 0.1341 cumulative IPC: 0.1654 (Simulation time: 12 hr 32 min 52 sec)
Heartbeat CPU 0 instructions: 1650000259 cycles: 9703716017 heartbeat IPC: 0.1342 cumulative IPC: 0.1652 (Simulation time: 12 hr 38 min 50 sec)
Heartbeat CPU 0 instructions: 1660000259 cycles: 9778854492 heartbeat IPC: 0.1331 cumulative IPC: 0.1649 (Simulation time: 12 hr 44 min 52 sec)
Heartbeat CPU 0 instructions: 1670000259 cycles: 9854483752 heartbeat IPC: 0.1322 cumulative IPC: 0.1647 (Simulation time: 12 hr 50 min 55 sec)
Heartbeat CPU 0 instructions: 1680000262 cycles: 9930569395 heartbeat IPC: 0.1314 cumulative IPC: 0.1644 (Simulation time: 12 hr 57 min 01 sec)
Heartbeat CPU 0 instructions: 1690000264 cycles: 10008229886 heartbeat IPC: 0.1288 cumulative IPC: 0.1641 (Simulation time: 13 hr 03 min 15 sec)
Heartbeat CPU 0 instructions: 1700000264 cycles: 10086803265 heartbeat IPC: 0.1273 cumulative IPC: 0.1639 (Simulation time: 13 hr 09 min 29 sec)
Heartbeat CPU 0 instructions: 1710000267 cycles: 10165655519 heartbeat IPC: 0.1268 cumulative IPC: 0.1636 (Simulation time: 13 hr 15 min 45 sec)
Heartbeat CPU 0 instructions: 1720000269 cycles: 10244020896 heartbeat IPC: 0.1276 cumulative IPC: 0.1633 (Simulation time: 13 hr 21 min 58 sec)
Heartbeat CPU 0 instructions: 1730000273 cycles: 10322569988 heartbeat IPC: 0.1273 cumulative IPC: 0.163 (Simulation time: 13 hr 28 min 15 sec)
Heartbeat CPU 0 instructions: 1740000275 cycles: 10401173061 heartbeat IPC: 0.1272 cumulative IPC: 0.1627 (Simulation time: 13 hr 34 min 34 sec)
[VMEM] WARNING: Out of physical memory, freeing ppages
Heartbeat CPU 0 instructions: 1750000278 cycles: 10479959366 heartbeat IPC: 0.1269 cumulative IPC: 0.1625 (Simulation time: 13 hr 40 min 53 sec)
Heartbeat CPU 0 instructions: 1760000281 cycles: 10559447679 heartbeat IPC: 0.1258 cumulative IPC: 0.1622 (Simulation time: 13 hr 47 min 14 sec)
Heartbeat CPU 0 instructions: 1770000285 cycles: 10638909754 heartbeat IPC: 0.1258 cumulative IPC: 0.1619 (Simulation time: 13 hr 53 min 37 sec)
Heartbeat CPU 0 instructions: 1780000289 cycles: 10718467415 heartbeat IPC: 0.1257 cumulative IPC: 0.1617 (Simulation time: 13 hr 59 min 59 sec)
Heartbeat CPU 0 instructions: 1790000289 cycles: 10798016814 heartbeat IPC: 0.1257 cumulative IPC: 0.1614 (Simulation time: 14 hr 06 min 23 sec)
Heartbeat CPU 0 instructions: 1800000290 cycles: 10878255087 heartbeat IPC: 0.1246 cumulative IPC: 0.1611 (Simulation time: 14 hr 12 min 48 sec)
Heartbeat CPU 0 instructions: 1810000294 cycles: 10959987023 heartbeat IPC: 0.1224 cumulative IPC: 0.1608 (Simulation time: 14 hr 19 min 19 sec)
Heartbeat CPU 0 instructions: 1820000294 cycles: 11044377437 heartbeat IPC: 0.1185 cumulative IPC: 0.1605 (Simulation time: 14 hr 25 min 59 sec)
Heartbeat CPU 0 instructions: 1830000297 cycles: 11128133957 heartbeat IPC: 0.1194 cumulative IPC: 0.1602 (Simulation time: 14 hr 32 min 36 sec)
Heartbeat CPU 0 instructions: 1840000299 cycles: 11211598782 heartbeat IPC: 0.1198 cumulative IPC: 0.1599 (Simulation time: 14 hr 39 min 14 sec)
[VMEM] WARNING: Out of physical memory, freeing ppages
Heartbeat CPU 0 instructions: 1850000303 cycles: 11295425740 heartbeat IPC: 0.1193 cumulative IPC: 0.1596 (Simulation time: 14 hr 45 min 54 sec)
Heartbeat CPU 0 instructions: 1860000306 cycles: 11378649163 heartbeat IPC: 0.1202 cumulative IPC: 0.1593 (Simulation time: 14 hr 52 min 32 sec)
Heartbeat CPU 0 instructions: 1870000306 cycles: 11462252103 heartbeat IPC: 0.1196 cumulative IPC: 0.159 (Simulation time: 14 hr 59 min 11 sec)
Heartbeat CPU 0 instructions: 1880000307 cycles: 11546315016 heartbeat IPC: 0.119 cumulative IPC: 0.1587 (Simulation time: 15 hr 05 min 53 sec)
Heartbeat CPU 0 instructions: 1890000309 cycles: 11634307814 heartbeat IPC: 0.1136 cumulative IPC: 0.1584 (Simulation time: 15 hr 12 min 48 sec)
Heartbeat CPU 0 instructions: 1900000313 cycles: 11722516932 heartbeat IPC: 0.1134 cumulative IPC: 0.158 (Simulation time: 15 hr 19 min 43 sec)
Heartbeat CPU 0 instructions: 1910000316 cycles: 11810307149 heartbeat IPC: 0.1139 cumulative IPC: 0.1577 (Simulation time: 15 hr 26 min 36 sec)
Heartbeat CPU 0 instructions: 1920000317 cycles: 11897335827 heartbeat IPC: 0.1149 cumulative IPC: 0.1574 (Simulation time: 15 hr 33 min 27 sec)
Heartbeat CPU 0 instructions: 1930000318 cycles: 11984831413 heartbeat IPC: 0.1143 cumulative IPC: 0.1571 (Simulation time: 15 hr 40 min 19 sec)
Heartbeat CPU 0 instructions: 1940000318 cycles: 12075140979 heartbeat IPC: 0.1107 cumulative IPC: 0.1567 (Simulation time: 15 hr 47 min 19 sec)
[VMEM] WARNING: Out of physical memory, freeing ppages
Heartbeat CPU 0 instructions: 1950000318 cycles: 12167641757 heartbeat IPC: 0.1081 cumulative IPC: 0.1564 (Simulation time: 15 hr 54 min 29 sec)
Heartbeat CPU 0 instructions: 1960000318 cycles: 12258278313 heartbeat IPC: 0.1103 cumulative IPC: 0.156 (Simulation time: 16 hr 01 min 32 sec)
Heartbeat CPU 0 instructions: 1970000319 cycles: 12348258173 heartbeat IPC: 0.1111 cumulative IPC: 0.1557 (Simulation time: 16 hr 08 min 34 sec)
Heartbeat CPU 0 instructions: 1980000320 cycles: 12443545656 heartbeat IPC: 0.1049 cumulative IPC: 0.1553 (Simulation time: 16 hr 15 min 52 sec)
Heartbeat CPU 0 instructions: 1990000320 cycles: 12538037687 heartbeat IPC: 0.1058 cumulative IPC: 0.1549 (Simulation time: 16 hr 23 min 08 sec)
Heartbeat CPU 0 instructions: 2000000321 cycles: 12630867661 heartbeat IPC: 0.1077 cumulative IPC: 0.1546 (Simulation time: 16 hr 30 min 19 sec)
Heartbeat CPU 0 instructions: 2010000323 cycles: 12729384944 heartbeat IPC: 0.1015 cumulative IPC: 0.1542 (Simulation time: 16 hr 37 min 46 sec)
Heartbeat CPU 0 instructions: 2020000323 cycles: 12825921016 heartbeat IPC: 0.1036 cumulative IPC: 0.1538 (Simulation time: 16 hr 45 min 08 sec)
Heartbeat CPU 0 instructions: 2030000325 cycles: 12924699453 heartbeat IPC: 0.1012 cumulative IPC: 0.1534 (Simulation time: 16 hr 52 min 38 sec)
[VMEM] WARNING: Out of physical memory, freeing ppages
Heartbeat CPU 0 instructions: 2040000329 cycles: 13025262882 heartbeat IPC: 0.09944 cumulative IPC: 0.153 (Simulation time: 17 hr 00 min 14 sec)
Heartbeat CPU 0 instructions: 2050000333 cycles: 13127185387 heartbeat IPC: 0.09811 cumulative IPC: 0.1525 (Simulation time: 17 hr 07 min 52 sec)
Heartbeat CPU 0 instructions: 2060000334 cycles: 13229559715 heartbeat IPC: 0.09768 cumulative IPC: 0.1521 (Simulation time: 17 hr 15 min 34 sec)
Heartbeat CPU 0 instructions: 2070000337 cycles: 13336468125 heartbeat IPC: 0.09354 cumulative IPC: 0.1517 (Simulation time: 17 hr 23 min 30 sec)
Heartbeat CPU 0 instructions: 2080000341 cycles: 13443999591 heartbeat IPC: 0.093 cumulative IPC: 0.1512 (Simulation time: 17 hr 31 min 27 sec)
Heartbeat CPU 0 instructions: 2090000342 cycles: 13552836684 heartbeat IPC: 0.09188 cumulative IPC: 0.1507 (Simulation time: 17 hr 39 min 28 sec)
Heartbeat CPU 0 instructions: 2100000346 cycles: 13664455686 heartbeat IPC: 0.08959 cumulative IPC: 0.1502 (Simulation time: 17 hr 47 min 37 sec)
Heartbeat CPU 0 instructions: 2110000350 cycles: 13779224425 heartbeat IPC: 0.08713 cumulative IPC: 0.1497 (Simulation time: 17 hr 55 min 56 sec)
Heartbeat CPU 0 instructions: 2120000350 cycles: 13897353065 heartbeat IPC: 0.08465 cumulative IPC: 0.1491 (Simulation time: 18 hr 04 min 25 sec)
[VMEM] WARNING: Out of physical memory, freeing ppages
Heartbeat CPU 0 instructions: 2130000352 cycles: 14016380623 heartbeat IPC: 0.08401 cumulative IPC: 0.1486 (Simulation time: 18 hr 12 min 56 sec)
Heartbeat CPU 0 instructions: 2140000355 cycles: 14139407683 heartbeat IPC: 0.08128 cumulative IPC: 0.148 (Simulation time: 18 hr 21 min 41 sec)
Heartbeat CPU 0 instructions: 2150000356 cycles: 14264891240 heartbeat IPC: 0.07969 cumulative IPC: 0.1474 (Simulation time: 18 hr 30 min 34 sec)
Heartbeat CPU 0 instructions: 2160000360 cycles: 14394853801 heartbeat IPC: 0.07695 cumulative IPC: 0.1467 (Simulation time: 18 hr 39 min 40 sec)
Heartbeat CPU 0 instructions: 2170000364 cycles: 14529196187 heartbeat IPC: 0.07444 cumulative IPC: 0.1461 (Simulation time: 18 hr 49 min 01 sec)
Heartbeat CPU 0 instructions: 2180000364 cycles: 14666766254 heartbeat IPC: 0.07269 cumulative IPC: 0.1454 (Simulation time: 18 hr 58 min 32 sec)
Heartbeat CPU 0 instructions: 2190000368 cycles: 14809938764 heartbeat IPC: 0.06985 cumulative IPC: 0.1447 (Simulation time: 19 hr 08 min 18 sec)
[VMEM] WARNING: Out of physical memory, freeing ppages
Heartbeat CPU 0 instructions: 2200000370 cycles: 14957716780 heartbeat IPC: 0.06767 cumulative IPC: 0.1439 (Simulation time: 19 hr 18 min 17 sec)
Heartbeat CPU 0 instructions: 2210000372 cycles: 15109314330 heartbeat IPC: 0.06596 cumulative IPC: 0.1431 (Simulation time: 19 hr 28 min 28 sec)
Heartbeat CPU 0 instructions: 2220000372 cycles: 15269195033 heartbeat IPC: 0.06255 cumulative IPC: 0.1423 (Simulation time: 19 hr 39 min 06 sec)
Heartbeat CPU 0 instructions: 2230000372 cycles: 15432669013 heartbeat IPC: 0.06117 cumulative IPC: 0.1414 (Simulation time: 19 hr 49 min 57 sec)
Heartbeat CPU 0 instructions: 2240000372 cycles: 15604353749 heartbeat IPC: 0.05825 cumulative IPC: 0.1405 (Simulation time: 20 hr 01 min 13 sec)
Simulation CPU 0 warning: IPC 0.04996 < 0.05
Simulation CPU 0 warning: IPC 0.049224 < 0.05
Simulation CPU 0 warning: IPC 0.048783 < 0.05
Simulation CPU 0 warning: IPC 0.047993 < 0.05
Heartbeat CPU 0 instructions: 2250000374 cycles: 15779276525 heartbeat IPC: 0.05717 cumulative IPC: 0.1396 (Simulation time: 20 hr 12 min 40 sec)
Simulation CPU 0 warning: IPC 0.049211 < 0.05
Simulation CPU 0 warning: IPC 0.04721 < 0.05
Simulation CPU 0 warning: IPC 0.046846 < 0.05
Simulation CPU 0 warning: IPC 0.049689 < 0.05
Simulation CPU 0 warning: IPC 0.046652 < 0.05
Simulation CPU 0 warning: IPC 0.046064 < 0.05
Heartbeat CPU 0 instructions: 2260000378 cycles: 15961493411 heartbeat IPC: 0.05488 cumulative IPC: 0.1386 (Simulation time: 20 hr 24 min 32 sec)
Simulation CPU 0 warning: IPC 0.045371 < 0.05
Simulation CPU 0 warning: IPC 0.044467 < 0.05
[VMEM] WARNING: Out of physical memory, freeing ppages
Simulation CPU 0 warning: IPC 0.048229 < 0.05
Simulation CPU 0 warning: IPC 0.044255 < 0.05
Simulation CPU 0 warning: IPC 0.044128 < 0.05
Heartbeat CPU 0 instructions: 2270000381 cycles: 16147866014 heartbeat IPC: 0.05366 cumulative IPC: 0.1376 (Simulation time: 20 hr 36 min 35 sec)
Simulation CPU 0 warning: IPC 0.046019 < 0.05
Simulation CPU 0 warning: IPC 0.04389 < 0.05
Simulation CPU 0 warning: IPC 0.049389 < 0.05
Simulation CPU 0 warning: IPC 0.045474 < 0.05
Heartbeat CPU 0 instructions: 2280000385 cycles: 16342227123 heartbeat IPC: 0.05145 cumulative IPC: 0.1366 (Simulation time: 20 hr 49 min 09 sec)
Simulation CPU 0 warning: IPC 0.049834 < 0.05
Simulation CPU 0 warning: IPC 0.04998 < 0.05
Simulation CPU 0 warning: IPC 0.049517 < 0.05
Simulation CPU 0 warning: IPC 0.049658 < 0.05
Simulation CPU 0 warning: IPC 0.049706 < 0.05
Simulation CPU 0 warning: IPC 0.049739 < 0.05
Simulation CPU 0 warning: IPC 0.048878 < 0.05
Simulation CPU 0 warning: IPC 0.048977 < 0.05
Heartbeat CPU 0 instructions: 2290000385 cycles: 16539713369 heartbeat IPC: 0.05064 cumulative IPC: 0.1356 (Simulation time: 21 hr 01 min 57 sec)
Simulation CPU 0 warning: IPC 0.048658 < 0.05
Simulation CPU 0 warning: IPC 0.048907 < 0.05
Simulation CPU 0 warning: IPC 0.048373 < 0.05
Simulation CPU 0 warning: IPC 0.047415 < 0.05
Simulation CPU 0 warning: IPC 0.047356 < 0.05
Simulation CPU 0 warning: IPC 0.048677 < 0.05
Simulation CPU 0 warning: IPC 0.049791 < 0.05
Simulation CPU 0 warning: IPC 0.046676 < 0.05
Simulation CPU 0 warning: IPC 0.047011 < 0.05
Simulation CPU 0 warning: IPC 0.047459 < 0.05
Simulation CPU 0 warning: IPC 0.048462 < 0.05
Simulation CPU 0 warning: IPC 0.046358 < 0.05
Simulation CPU 0 warning: IPC 0.048254 < 0.05
Simulation CPU 0 warning: IPC 0.046628 < 0.05
Heartbeat CPU 0 instructions: 2300000389 cycles: 16740325799 heartbeat IPC: 0.04985 cumulative IPC: 0.1345 (Simulation time: 21 hr 14 min 58 sec)
Simulation CPU 0 warning: IPC 0.045622 < 0.05
Simulation CPU 0 warning: IPC 0.046895 < 0.05
Simulation CPU 0 warning: IPC 0.045418 < 0.05
Simulation CPU 0 warning: IPC 0.045368 < 0.05
Simulation CPU 0 warning: IPC 0.049007 < 0.05
Simulation CPU 0 warning: IPC 0.044392 < 0.05
Simulation CPU 0 warning: IPC 0.044672 < 0.05
Simulation CPU 0 warning: IPC 0.045649 < 0.05
Simulation CPU 0 warning: IPC 0.048086 < 0.05
Simulation CPU 0 warning: IPC 0.046299 < 0.05
Simulation CPU 0 warning: IPC 0.044458 < 0.05
Heartbeat CPU 0 instructions: 2310000390 cycles: 16941922761 heartbeat IPC: 0.0496 cumulative IPC: 0.1335 (Simulation time: 21 hr 28 min 07 sec)
Simulation CPU 0 warning: IPC 0.043454 < 0.05
Simulation CPU 0 warning: IPC 0.049321 < 0.05
Simulation CPU 0 warning: IPC 0.047118 < 0.05
Simulation CPU 0 warning: IPC 0.045263 < 0.05
Simulation CPU 0 warning: IPC 0.044299 < 0.05
Simulation CPU 0 warning: IPC 0.049636 < 0.05
Simulation CPU 0 warning: IPC 0.044197 < 0.05
Simulation CPU 0 warning: IPC 0.047945 < 0.05
Simulation CPU 0 warning: IPC 0.046351 < 0.05
Heartbeat CPU 0 instructions: 2320000394 cycles: 17144427302 heartbeat IPC: 0.04938 cumulative IPC: 0.1325 (Simulation time: 21 hr 41 min 25 sec)
Simulation CPU 0 warning: IPC 0.049891 < 0.05
[VMEM] WARNING: Out of physical memory, freeing ppages
Simulation CPU 0 warning: IPC 0.049533 < 0.05
Simulation CPU 0 warning: IPC 0.04937 < 0.05
Simulation CPU 0 warning: IPC 0.049661 < 0.05
Simulation CPU 0 warning: IPC 0.049659 < 0.05
Simulation CPU 0 warning: IPC 0.049479 < 0.05
Simulation CPU 0 warning: IPC 0.048903 < 0.05
Simulation CPU 0 warning: IPC 0.048782 < 0.05
Simulation CPU 0 warning: IPC 0.04884 < 0.05
Simulation CPU 0 warning: IPC 0.048155 < 0.05
Simulation CPU 0 warning: IPC 0.049267 < 0.05
Simulation CPU 0 warning: IPC 0.033082 < 0.05
*** Reached end of trace: (0, "./traces/sssp.champsim.xz")
Heartbeat CPU 0 instructions: 2330000397 cycles: 17333708581 heartbeat IPC: 0.05283 cumulative IPC: 0.1317 (Simulation time: 21 hr 54 min 02 sec)
Heartbeat CPU 0 instructions: 2340000399 cycles: 17390062010 heartbeat IPC: 0.1775 cumulative IPC: 0.1318 (Simulation time: 21 hr 58 min 28 sec)
Heartbeat CPU 0 instructions: 2350000400 cycles: 17471751030 heartbeat IPC: 0.1224 cumulative IPC: 0.1318 (Simulation time: 22 hr 04 min 10 sec)
Heartbeat CPU 0 instructions: 2360000404 cycles: 17555111631 heartbeat IPC: 0.12 cumulative IPC: 0.1317 (Simulation time: 22 hr 09 min 57 sec)
Heartbeat CPU 0 instructions: 2370000406 cycles: 17631555993 heartbeat IPC: 0.1308 cumulative IPC: 0.1317 (Simulation time: 22 hr 15 min 19 sec)
Heartbeat CPU 0 instructions: 2380000406 cycles: 17704071552 heartbeat IPC: 0.1379 cumulative IPC: 0.1317 (Simulation time: 22 hr 20 min 23 sec)
Heartbeat CPU 0 instructions: 2390000409 cycles: 17775346791 heartbeat IPC: 0.1403 cumulative IPC: 0.1318 (Simulation time: 22 hr 25 min 21 sec)
Heartbeat CPU 0 instructions: 2400000410 cycles: 17843516438 heartbeat IPC: 0.1467 cumulative IPC: 0.1318 (Simulation time: 22 hr 30 min 08 sec)
Heartbeat CPU 0 instructions: 2410000412 cycles: 17910288828 heartbeat IPC: 0.1498 cumulative IPC: 0.1319 (Simulation time: 22 hr 34 min 51 sec)
Heartbeat CPU 0 instructions: 2420000412 cycles: 17975903119 heartbeat IPC: 0.1524 cumulative IPC: 0.132 (Simulation time: 22 hr 39 min 29 sec)
Heartbeat CPU 0 instructions: 2430000414 cycles: 18038849270 heartbeat IPC: 0.1589 cumulative IPC: 0.1321 (Simulation time: 22 hr 43 min 59 sec)
Heartbeat CPU 0 instructions: 2440000415 cycles: 18101869994 heartbeat IPC: 0.1587 cumulative IPC: 0.1322 (Simulation time: 22 hr 48 min 30 sec)
Heartbeat CPU 0 instructions: 2450000415 cycles: 18164515771 heartbeat IPC: 0.1596 cumulative IPC: 0.1322 (Simulation time: 22 hr 52 min 59 sec)
Heartbeat CPU 0 instructions: 2460000419 cycles: 18226322259 heartbeat IPC: 0.1618 cumulative IPC: 0.1323 (Simulation time: 22 hr 57 min 25 sec)
Heartbeat CPU 0 instructions: 2470000419 cycles: 18288646000 heartbeat IPC: 0.1605 cumulative IPC: 0.1324 (Simulation time: 23 hr 01 min 55 sec)
Heartbeat CPU 0 instructions: 2480000419 cycles: 18350492847 heartbeat IPC: 0.1617 cumulative IPC: 0.1325 (Simulation time: 23 hr 06 min 24 sec)
Heartbeat CPU 0 instructions: 2490000421 cycles: 18410608246 heartbeat IPC: 0.1663 cumulative IPC: 0.1327 (Simulation time: 23 hr 10 min 47 sec)
Heartbeat CPU 0 instructions: 2500000423 cycles: 18472262021 heartbeat IPC: 0.1622 cumulative IPC: 0.1328 (Simulation time: 23 hr 15 min 16 sec)
Heartbeat CPU 0 instructions: 2510000427 cycles: 18531525395 heartbeat IPC: 0.1687 cumulative IPC: 0.1329 (Simulation time: 23 hr 19 min 36 sec)
Heartbeat CPU 0 instructions: 2520000428 cycles: 18589431555 heartbeat IPC: 0.1727 cumulative IPC: 0.133 (Simulation time: 23 hr 23 min 50 sec)
Heartbeat CPU 0 instructions: 2530000431 cycles: 18648285278 heartbeat IPC: 0.1699 cumulative IPC: 0.1331 (Simulation time: 23 hr 28 min 09 sec)
Heartbeat CPU 0 instructions: 2540000434 cycles: 18707408851 heartbeat IPC: 0.1691 cumulative IPC: 0.1332 (Simulation time: 23 hr 32 min 30 sec)
Heartbeat CPU 0 instructions: 2550000435 cycles: 18765373295 heartbeat IPC: 0.1725 cumulative IPC: 0.1333 (Simulation time: 23 hr 36 min 47 sec)
[VMEM] WARNING: Out of physical memory, freeing ppages
Heartbeat CPU 0 instructions: 2560000436 cycles: 18823770668 heartbeat IPC: 0.1712 cumulative IPC: 0.1335 (Simulation time: 23 hr 41 min 07 sec)
Heartbeat CPU 0 instructions: 2570000440 cycles: 18881459586 heartbeat IPC: 0.1733 cumulative IPC: 0.1336 (Simulation time: 23 hr 45 min 26 sec)
Heartbeat CPU 0 instructions: 2580000440 cycles: 18940081339 heartbeat IPC: 0.1706 cumulative IPC: 0.1337 (Simulation time: 23 hr 49 min 48 sec)
Heartbeat CPU 0 instructions: 2590000440 cycles: 18998222338 heartbeat IPC: 0.172 cumulative IPC: 0.1338 (Simulation time: 23 hr 54 min 07 sec)
Heartbeat CPU 0 instructions: 2600000440 cycles: 19056322522 heartbeat IPC: 0.1721 cumulative IPC: 0.1339 (Simulation time: 23 hr 58 min 29 sec)
Heartbeat CPU 0 instructions: 2610000440 cycles: 19113229424 heartbeat IPC: 0.1757 cumulative IPC: 0.1341 (Simulation time: 00 hr 02 min 45 sec)
Heartbeat CPU 0 instructions: 2620000443 cycles: 19171701790 heartbeat IPC: 0.171 cumulative IPC: 0.1342 (Simulation time: 00 hr 07 min 09 sec)
Heartbeat CPU 0 instructions: 2630000446 cycles: 19227722541 heartbeat IPC: 0.1785 cumulative IPC: 0.1343 (Simulation time: 00 hr 11 min 22 sec)
Heartbeat CPU 0 instructions: 2640000449 cycles: 19285962153 heartbeat IPC: 0.1717 cumulative IPC: 0.1344 (Simulation time: 00 hr 15 min 47 sec)
Heartbeat CPU 0 instructions: 2650000451 cycles: 19343801211 heartbeat IPC: 0.1729 cumulative IPC: 0.1345 (Simulation time: 00 hr 20 min 08 sec)
Heartbeat CPU 0 instructions: 2660000453 cycles: 19400416096 heartbeat IPC: 0.1766 cumulative IPC: 0.1346 (Simulation time: 00 hr 24 min 26 sec)
Heartbeat CPU 0 instructions: 2670000457 cycles: 19457133983 heartbeat IPC: 0.1763 cumulative IPC: 0.1348 (Simulation time: 00 hr 28 min 45 sec)
Heartbeat CPU 0 instructions: 2680000457 cycles: 19514511369 heartbeat IPC: 0.1743 cumulative IPC: 0.1349 (Simulation time: 00 hr 33 min 06 sec)
Heartbeat CPU 0 instructions: 2690000458 cycles: 19570877181 heartbeat IPC: 0.1774 cumulative IPC: 0.135 (Simulation time: 00 hr 37 min 24 sec)
Heartbeat CPU 0 instructions: 2700000462 cycles: 19627663116 heartbeat IPC: 0.1761 cumulative IPC: 0.1351 (Simulation time: 00 hr 41 min 44 sec)
Heartbeat CPU 0 instructions: 2710000466 cycles: 19683791703 heartbeat IPC: 0.1782 cumulative IPC: 0.1353 (Simulation time: 00 hr 46 min 01 sec)
[VMEM] WARNING: Out of physical memory, freeing ppages
Heartbeat CPU 0 instructions: 2720000466 cycles: 19741775908 heartbeat IPC: 0.1725 cumulative IPC: 0.1354 (Simulation time: 00 hr 50 min 29 sec)
Heartbeat CPU 0 instructions: 2730000466 cycles: 19797753070 heartbeat IPC: 0.1786 cumulative IPC: 0.1355 (Simulation time: 00 hr 54 min 48 sec)
Heartbeat CPU 0 instructions: 2740000466 cycles: 19854935894 heartbeat IPC: 0.1749 cumulative IPC: 0.1356 (Simulation time: 00 hr 59 min 12 sec)
Heartbeat CPU 0 instructions: 2750000470 cycles: 19910633587 heartbeat IPC: 0.1795 cumulative IPC: 0.1357 (Simulation time: 01 hr 03 min 29 sec)
Heartbeat CPU 0 instructions: 2760000474 cycles: 19967756128 heartbeat IPC: 0.1751 cumulative IPC: 0.1358 (Simulation time: 01 hr 07 min 54 sec)
Heartbeat CPU 0 instructions: 2770000476 cycles: 20024909282 heartbeat IPC: 0.175 cumulative IPC: 0.1359 (Simulation time: 01 hr 12 min 20 sec)
Heartbeat CPU 0 instructions: 2780000480 cycles: 20081096486 heartbeat IPC: 0.178 cumulative IPC: 0.1361 (Simulation time: 01 hr 16 min 40 sec)
Heartbeat CPU 0 instructions: 2790000484 cycles: 20138646990 heartbeat IPC: 0.1738 cumulative IPC: 0.1362 (Simulation time: 01 hr 21 min 07 sec)
Heartbeat CPU 0 instructions: 2800000484 cycles: 20194680271 heartbeat IPC: 0.1785 cumulative IPC: 0.1363 (Simulation time: 01 hr 25 min 28 sec)
Heartbeat CPU 0 instructions: 2810000485 cycles: 20252178533 heartbeat IPC: 0.1739 cumulative IPC: 0.1364 (Simulation time: 01 hr 29 min 55 sec)
Heartbeat CPU 0 instructions: 2820000489 cycles: 20309752713 heartbeat IPC: 0.1737 cumulative IPC: 0.1365 (Simulation time: 01 hr 34 min 24 sec)
Heartbeat CPU 0 instructions: 2830000489 cycles: 20366817289 heartbeat IPC: 0.1752 cumulative IPC: 0.1366 (Simulation time: 01 hr 38 min 51 sec)
Heartbeat CPU 0 instructions: 2840000490 cycles: 20424671208 heartbeat IPC: 0.1728 cumulative IPC: 0.1367 (Simulation time: 01 hr 43 min 23 sec)
[VMEM] WARNING: Out of physical memory, freeing ppages
Heartbeat CPU 0 instructions: 2850000490 cycles: 20482194291 heartbeat IPC: 0.1738 cumulative IPC: 0.1368 (Simulation time: 01 hr 47 min 52 sec)
Heartbeat CPU 0 instructions: 2860000491 cycles: 20539099453 heartbeat IPC: 0.1757 cumulative IPC: 0.1369 (Simulation time: 01 hr 52 min 20 sec)
Heartbeat CPU 0 instructions: 2870000494 cycles: 20596880597 heartbeat IPC: 0.1731 cumulative IPC: 0.137 (Simulation time: 01 hr 56 min 53 sec)
Heartbeat CPU 0 instructions: 2880000495 cycles: 20654447802 heartbeat IPC: 0.1737 cumulative IPC: 0.1371 (Simulation time: 02 hr 01 min 23 sec)
Heartbeat CPU 0 instructions: 2890000495 cycles: 20711255935 heartbeat IPC: 0.176 cumulative IPC: 0.1372 (Simulation time: 02 hr 05 min 51 sec)
Heartbeat CPU 0 instructions: 2900000495 cycles: 20769374791 heartbeat IPC: 0.1721 cumulative IPC: 0.1373 (Simulation time: 02 hr 10 min 25 sec)
Heartbeat CPU 0 instructions: 2910000495 cycles: 20828060606 heartbeat IPC: 0.1704 cumulative IPC: 0.1374 (Simulation time: 02 hr 15 min 02 sec)
Heartbeat CPU 0 instructions: 2920000499 cycles: 20885629299 heartbeat IPC: 0.1737 cumulative IPC: 0.1375 (Simulation time: 02 hr 19 min 34 sec)
Heartbeat CPU 0 instructions: 2930000499 cycles: 20942498013 heartbeat IPC: 0.1758 cumulative IPC: 0.1376 (Simulation time: 02 hr 24 min 02 sec)
Heartbeat CPU 0 instructions: 2940000503 cycles: 21001066553 heartbeat IPC: 0.1707 cumulative IPC: 0.1377 (Simulation time: 02 hr 28 min 39 sec)
Heartbeat CPU 0 instructions: 2950000504 cycles: 21059264756 heartbeat IPC: 0.1718 cumulative IPC: 0.1378 (Simulation time: 02 hr 33 min 14 sec)
Heartbeat CPU 0 instructions: 2960000504 cycles: 21118653741 heartbeat IPC: 0.1684 cumulative IPC: 0.1379 (Simulation time: 02 hr 37 min 55 sec)
Heartbeat CPU 0 instructions: 2970000506 cycles: 21177443269 heartbeat IPC: 0.1701 cumulative IPC: 0.138 (Simulation time: 02 hr 42 min 35 sec)
[VMEM] WARNING: Out of physical memory, freeing ppages
Heartbeat CPU 0 instructions: 2980000508 cycles: 21235707378 heartbeat IPC: 0.1716 cumulative IPC: 0.1381 (Simulation time: 02 hr 47 min 12 sec)
Heartbeat CPU 0 instructions: 2990000508 cycles: 21293246928 heartbeat IPC: 0.1738 cumulative IPC: 0.1382 (Simulation time: 02 hr 51 min 46 sec)
Heartbeat CPU 0 instructions: 3000000509 cycles: 21351377864 heartbeat IPC: 0.172 cumulative IPC: 0.1383 (Simulation time: 02 hr 56 min 22 sec)
Heartbeat CPU 0 instructions: 3010000510 cycles: 21409219001 heartbeat IPC: 0.1729 cumulative IPC: 0.1384 (Simulation time: 03 hr 00 min 57 sec)
Heartbeat CPU 0 instructions: 3020000512 cycles: 21467122948 heartbeat IPC: 0.1727 cumulative IPC: 0.1385 (Simulation time: 03 hr 05 min 33 sec)
Heartbeat CPU 0 instructions: 3030000514 cycles: 21526456422 heartbeat IPC: 0.1685 cumulative IPC: 0.1385 (Simulation time: 03 hr 10 min 15 sec)
Heartbeat CPU 0 instructions: 3040000515 cycles: 21585350425 heartbeat IPC: 0.1698 cumulative IPC: 0.1386 (Simulation time: 03 hr 14 min 56 sec)
Simulation finished CPU 0 instructions: 3000000002 cycles: 21626680131 cumulative IPC: 0.1387 (Simulation time: 03 hr 19 min 32 sec)
Simulation complete CPU 0 instructions: 3000000002 cycles: 21626680131 cumulative IPC: 0.1387 (Simulation time: 03 hr 19 min 32 sec)

ChampSim completed all CPUs

=== Simulation ===
CPU 0 runs ./traces/sssp.champsim.xz

Region of Interest Statistics

CPU 0 cumulative IPC: 0.1387 instructions: 3000000002 cycles: 21626680131
CPU 0 Branch Prediction Accuracy: 96.29% MPKI: 4.5 Average ROB Occupancy at Mispredict: 120.3
Branch type MPKI
BRANCH_DIRECT_JUMP: 3.367e-05
BRANCH_INDIRECT: 8.667e-06
BRANCH_CONDITIONAL: 4.5
BRANCH_DIRECT_CALL: 3.2e-05
BRANCH_INDIRECT_CALL: 1.433e-05
BRANCH_RETURN: 4.267e-05

cpu0->cpu0_STLB TOTAL        ACCESS:  143805442 HIT:   40879232 MISS:  102926210 MSHR_MERGE:          0
cpu0->cpu0_STLB LOAD         ACCESS:  143805442 HIT:   40879232 MISS:  102926210 MSHR_MERGE:          0
cpu0->cpu0_STLB RFO          ACCESS:          0 HIT:          0 MISS:          0 MSHR_MERGE:          0
cpu0->cpu0_STLB PREFETCH     ACCESS:          0 HIT:          0 MISS:          0 MSHR_MERGE:          0
cpu0->cpu0_STLB WRITE        ACCESS:          0 HIT:          0 MISS:          0 MSHR_MERGE:          0
cpu0->cpu0_STLB TRANSLATION  ACCESS:          0 HIT:          0 MISS:          0 MSHR_MERGE:          0
cpu0->cpu0_STLB PREFETCH REQUESTED:          0 ISSUED:          0 USEFUL:          0 USELESS:          0
cpu0->cpu0_STLB AVERAGE MISS LATENCY: 196.9 cycles
cpu0->cpu0_L2C TOTAL        ACCESS:  405728793 HIT:   71952405 MISS:  333776388 MSHR_MERGE:          0
cpu0->cpu0_L2C LOAD         ACCESS:  201151383 HIT:   15433422 MISS:  185717961 MSHR_MERGE:          0
cpu0->cpu0_L2C RFO          ACCESS:    8752553 HIT:    4581875 MISS:    4170678 MSHR_MERGE:          0
cpu0->cpu0_L2C PREFETCH     ACCESS:          0 HIT:          0 MISS:          0 MSHR_MERGE:          0
cpu0->cpu0_L2C WRITE        ACCESS:   22752482 HIT:   22736256 MISS:      16226 MSHR_MERGE:          0
cpu0->cpu0_L2C TRANSLATION  ACCESS:  173072375 HIT:   29200852 MISS:  143871523 MSHR_MERGE:          0
cpu0->cpu0_L2C PREFETCH REQUESTED:          0 ISSUED:          0 USEFUL:          0 USELESS:          0
cpu0->cpu0_L2C AVERAGE MISS LATENCY: 155.8 cycles
cpu0->cpu0_L1I TOTAL        ACCESS:  179545738 HIT:  179544942 MISS:        796 MSHR_MERGE:        191
cpu0->cpu0_L1I LOAD         ACCESS:  179545738 HIT:  179544942 MISS:        796 MSHR_MERGE:        191
cpu0->cpu0_L1I RFO          ACCESS:          0 HIT:          0 MISS:          0 MSHR_MERGE:          0
cpu0->cpu0_L1I PREFETCH     ACCESS:          0 HIT:          0 MISS:          0 MSHR_MERGE:          0
cpu0->cpu0_L1I WRITE        ACCESS:          0 HIT:          0 MISS:          0 MSHR_MERGE:          0
cpu0->cpu0_L1I TRANSLATION  ACCESS:          0 HIT:          0 MISS:          0 MSHR_MERGE:          0
cpu0->cpu0_L1I PREFETCH REQUESTED:          0 ISSUED:          0 USEFUL:          0 USELESS:          0
cpu0->cpu0_L1I AVERAGE MISS LATENCY: 221.5 cycles
cpu0->cpu0_L1D TOTAL        ACCESS: 1454467113 HIT:  983305786 MISS:  471161327 MSHR_MERGE:   88185518
cpu0->cpu0_L1D LOAD         ACCESS:  966972007 HIT:  725993920 MISS:  240978087 MSHR_MERGE:   39827302
cpu0->cpu0_L1D RFO          ACCESS:          0 HIT:          0 MISS:          0 MSHR_MERGE:          0
cpu0->cpu0_L1D PREFETCH     ACCESS:          0 HIT:          0 MISS:          0 MSHR_MERGE:          0
cpu0->cpu0_L1D WRITE        ACCESS:  278278362 HIT:  236108470 MISS:   42169892 MSHR_MERGE:   33417243
cpu0->cpu0_L1D TRANSLATION  ACCESS:  209216744 HIT:   21203396 MISS:  188013348 MSHR_MERGE:   14940973
cpu0->cpu0_L1D PREFETCH REQUESTED:          0 ISSUED:          0 USEFUL:          0 USELESS:          0
cpu0->cpu0_L1D AVERAGE MISS LATENCY: 144.7 cycles
cpu0->cpu0_ITLB TOTAL        ACCESS:  179205868 HIT:  179205713 MISS:        155 MSHR_MERGE:         77
cpu0->cpu0_ITLB LOAD         ACCESS:  179205868 HIT:  179205713 MISS:        155 MSHR_MERGE:         77
cpu0->cpu0_ITLB RFO          ACCESS:          0 HIT:          0 MISS:          0 MSHR_MERGE:          0
cpu0->cpu0_ITLB PREFETCH     ACCESS:          0 HIT:          0 MISS:          0 MSHR_MERGE:          0
cpu0->cpu0_ITLB WRITE        ACCESS:          0 HIT:          0 MISS:          0 MSHR_MERGE:          0
cpu0->cpu0_ITLB TRANSLATION  ACCESS:          0 HIT:          0 MISS:          0 MSHR_MERGE:          0
cpu0->cpu0_ITLB PREFETCH REQUESTED:          0 ISSUED:          0 USEFUL:          0 USELESS:          0
cpu0->cpu0_ITLB AVERAGE MISS LATENCY: 684.1 cycles
cpu0->cpu0_DTLB TOTAL        ACCESS: 1148574578 HIT:  980719851 MISS:  167854727 MSHR_MERGE:   24049363
cpu0->cpu0_DTLB LOAD         ACCESS: 1148574578 HIT:  980719851 MISS:  167854727 MSHR_MERGE:   24049363
cpu0->cpu0_DTLB RFO          ACCESS:          0 HIT:          0 MISS:          0 MSHR_MERGE:          0
cpu0->cpu0_DTLB PREFETCH     ACCESS:          0 HIT:          0 MISS:          0 MSHR_MERGE:          0
cpu0->cpu0_DTLB WRITE        ACCESS:          0 HIT:          0 MISS:          0 MSHR_MERGE:          0
cpu0->cpu0_DTLB TRANSLATION  ACCESS:          0 HIT:          0 MISS:          0 MSHR_MERGE:          0
cpu0->cpu0_DTLB PREFETCH REQUESTED:          0 ISSUED:          0 USEFUL:          0 USELESS:          0
cpu0->cpu0_DTLB AVERAGE MISS LATENCY: 144.7 cycles
cpu0->LLC TOTAL        ACCESS:  347945396 HIT:  128018992 MISS:  219926404 MSHR_MERGE:          0
cpu0->LLC LOAD         ACCESS:  185717961 HIT:   34023286 MISS:  151694675 MSHR_MERGE:          0
cpu0->LLC RFO          ACCESS:    4170671 HIT:    1834507 MISS:    2336164 MSHR_MERGE:          0
cpu0->LLC PREFETCH     ACCESS:          0 HIT:          0 MISS:          0 MSHR_MERGE:          0
cpu0->LLC WRITE        ACCESS:   14185241 HIT:   14058471 MISS:     126770 MSHR_MERGE:          0
cpu0->LLC TRANSLATION  ACCESS:  143871523 HIT:   78102728 MISS:   65768795 MSHR_MERGE:          0
cpu0->LLC PREFETCH REQUESTED:          0 ISSUED:          0 USEFUL:          0 USELESS:          0
cpu0->LLC AVERAGE MISS LATENCY: 212.7 cycles

DRAM Statistics

Channel 0 RQ ROW_BUFFER_HIT:     749963
  ROW_BUFFER_MISS:  218975439
  AVG DBUS CONGESTED CYCLE: 6.277
Channel 0 WQ ROW_BUFFER_HIT:    3670585
  ROW_BUFFER_MISS:    7856701
  FULL:          0
Channel 0 REFRESHES ISSUED:    1802223
